........................................................................ [  4%]
........................................................................ [  9%]
........................................................................ [ 13%]
........................................................................ [ 18%]
........................................................................ [ 22%]
......................................s................................. [ 27%]
........................................................................ [ 31%]
....................................ssssssssssssssssssssssssssssssssssss [ 36%]
sssss................................................................... [ 40%]
........................................................................ [ 45%]
.......................................................ssssssssss....... [ 50%]
........................................................................ [ 54%]
........................................................................ [ 59%]
........................................................................ [ 63%]
........................................................................ [ 68%]
........................................................................ [ 72%]
........................................................................ [ 77%]
........................................................................ [ 81%]
........................................................................ [ 86%]
........................................................................ [ 91%]
........................................................................ [ 95%]
......................................................................   [100%]
=============================== warnings summary ===============================
tests/agent/test_oracle_l2.py::test_l2_fail_when_node_gone
tests/bench/test_goldset_process_death_02_state_loss.py::test_defect_build_l2_fails_with_state_loss
tests/bench/test_runtime_permission_slice.py::test_missing_fallback_is_detected_after_denial
  /Users/80268204/Projects/ai_verification/src/aiverify/agent/oracle/l2.py:123: DeprecationWarning: Testing an element's truth value will always return True in future versions.  Use specific 'len(elem)' or 'elem is not None' test instead.
    before_val = node_before.get(attr, "<absent>") if node_before else "<absent>"

-- Docs: https://docs.pytest.org/en/stable/how-to/capture-warnings.html
1530 passed, 52 skipped, 3 warnings in 709.33s (0:11:49)
