java.nio.channels.InterruptedByTimeoutException: <elided>
	at _COROUTINE._BOUNDARY._(CoroutineDebugging.kt:42)
	at com.android.adblib.impl.channels.ChannelReadOrWriteHandler.runExactly(ChannelReadOrWriteHandler.kt:186)
	at com.android.adblib.impl.services.AdbServiceRunner.consumeOkayFailResponse(AdbServiceRunner.kt:435)
	at com.android.adblib.impl.services.AdbServiceRunner.startDaemonService(AdbServiceRunner.kt:257)
	at com.android.adblib.impl.services.AdbServiceRunner.runDaemonService(AdbServiceRunner.kt:240)
	at com.android.adblib.impl.AdbDeviceServicesImpl$runServiceWithShellV2Collector$1.invokeSuspend(AdbDeviceServicesImpl.kt:187)
	at kotlinx.coroutines.flow.internal.ChannelFlow$collectToFun$1.invokeSuspend(ChannelFlow.kt:56)
	at com.android.adblib.impl.ShellCommandImpl$execute$1.invokeSuspend(ShellCommandImpl.kt:160)
	at kotlinx.coroutines.flow.AbstractFlow.collect(Flow.kt:226)
	at kotlinx.coroutines.flow.FlowKt__ReduceKt.first(Reduce.kt:179)
	at com.android.cli.ui.services.AdbServiceImpl$AdbConnectedDeviceImpl$shellCommandAsText$output$1.invokeSuspend(AdbServiceImpl.kt:145)
	at com.android.cli.ui.RunBlockingExtKt.runBlockingFillInStackTrace(RunBlockingExt.kt:16)
	at com.android.cli.ui.services.AdbServiceImpl$AdbConnectedDeviceImpl.shellCommandAsText(AdbServiceImpl.kt:145)
	at com.android.cli.interact.commands.DumpCommand.execute(LayoutCommand.kt:70)
	at com.android.cli.ui.commands.Layout.run(Layout.java:53)
	at com.android.cli.ui.AndroidCLI.run(AndroidCLI.kt:166)
	at com.android.cli.ui.AndroidCLI.access$run(AndroidCLI.kt:16)
	at com.android.cli.ui.AndroidCLI$execute$4.execute(AndroidCLI.kt:101)
	at com.android.cli.CommandLine.execute(CommandLine.java:2174)
	at com.android.cli.ui.AndroidCLI.execute(AndroidCLI.kt:109)
	at com.android.cli.ui.AndroidCLI.run(AndroidCLI.kt:30)
	at com.android.cli.Android.main(Android.java:54)
Caused by: java.nio.channels.InterruptedByTimeoutException: <elided>
	at java.base/sun.nio.ch.UnixAsynchronousSocketChannelImpl$1.run(Unknown Source)
	at java.base/java.util.concurrent.Executors$RunnableAdapter.call(Unknown Source)
	at java.base/java.util.concurrent.FutureTask.run(Unknown Source)
	at java.base/java.util.concurrent.ScheduledThreadPoolExecutor$ScheduledFutureTask.run(Unknown Source)
	at java.base/java.util.concurrent.ThreadPoolExecutor.runWorker(Unknown Source)
	at java.base/java.util.concurrent.ThreadPoolExecutor$Worker.run(Unknown Source)
	at java.base/java.lang.Thread.run(Unknown Source)
Crash report stored at /Users/80268204/.android/cli/analytics/crash_reports/32637-1-1.0.15498356.crash
