candidate-installed
package:/data/app/~~VYtEbIQFA3rOu6HJupCnGQ==/org.wikipedia.dev-_u6Lg_FfBn1XYte-l2ZF9g==/base.apk
/data/app/~~VYtEbIQFA3rOu6HJupCnGQ==/org.wikipedia.dev-_u6Lg_FfBn1XYte-l2ZF9g==/base.apk: 1 file pulled, 0 skipped. 345.9 MB/s (120998411 bytes in 0.334s)
55a7fa39248229bafdd82f45c6144c103ec380bb715308b6387e8ce75f57959f  /Users/peter/hosts/wikipedia/aiverify-builds/issue-69-network-reliability/candidate-app-dev-debug.apk
55a7fa39248229bafdd82f45c6144c103ec380bb715308b6387e8ce75f57959f  /Users/peter/hosts/wikipedia/aiverify-builds/issue-69-network-reliability/installed-candidate.apk
App loaded: org.wikipedia.dev
Debuggable: true
Selected component: org.wikipedia.dev.NetworkReliabilityFixtureActivity
Installing APKs: /Users/peter/hosts/wikipedia/aiverify-builds/issue-69-network-reliability/baseline-app-dev-debug.apk
Installation completed successfully
Executing: Launching Activity for org.wikipedia.dev
Activation completed successfully
package:/data/app/~~230OTSiy3Ct7SmqzvlBbNw==/org.wikipedia.dev-HLbCCWbWhcKElf1ApRFipQ==/base.apk
/data/app/~~230OTSiy3Ct7SmqzvlBbNw==/org.wikipedia.dev-HLbCCWbWhcKElf1ApRFipQ==/base.apk: 1 file pulled, 0 skipped. 276.9 MB/s (121348547 bytes in 0.418s)
8f66479b4943e7605297368b2e78ff258682d7f786f259b4d35e4a1c45283aeb  /Users/peter/hosts/wikipedia/aiverify-builds/issue-69-network-reliability/baseline-app-dev-debug.apk
8f66479b4943e7605297368b2e78ff258682d7f786f259b4d35e4a1c45283aeb  /Users/peter/hosts/wikipedia/aiverify-builds/issue-69-network-reliability/installed-baseline.apk
    versionCode=50594 minSdk=23 targetSdk=36
    versionName=50594-dev-2026-07-19
35
google/sdk_gphone64_arm64/emu64a:15/AE3A.240806.043/12960925:userdebug/dev-keys
aiverify_api35
OK
1.0.15498356
Android Debug Bridge version 1.0.41
Version 37.0.0-14910828
openjdk version "17.0.19" 2026-04-21
OpenJDK Runtime Environment Homebrew (build 17.0.19+0)
OpenJDK 64-Bit Server VM Homebrew (build 17.0.19+0, mixed mode, sharing)
Python 3.11.15
App loaded: org.wikipedia.dev
Debuggable: true
Selected component: org.wikipedia.dev.NetworkReliabilityFixtureActivity
Installing APKs: /Users/peter/hosts/wikipedia/aiverify-builds/issue-69-network-reliability/candidate-app-dev-debug.apk
Installation completed successfully
Executing: Launching Activity for org.wikipedia.dev
Activation completed successfully
