
------------------------------------------------------------
Gradle 9.5.1
------------------------------------------------------------

Build time:    2026-05-12 13:19:42 UTC
Revision:      fd78213f09782e62ca4957f9cfd3d90c6c3f1767

Kotlin:        2.3.20
Groovy:        4.0.29
Ant:           Apache Ant(TM) version 1.10.15 compiled on August 25 2024
Launcher JVM:  17.0.19 (Homebrew 17.0.19+0)
Daemon JVM:    /opt/homebrew/Cellar/openjdk@17/17.0.19/libexec/openjdk.jdk/Contents/Home (no Daemon JVM specified, using current Java home)
OS:            Mac OS X 26.3 aarch64

6ccb8d85a21a8e34b96e4813d3caee5c690ece9b
?? app/src/dev/AndroidManifest.xml
?? app/src/dev/java/
6ccb8d85a21a8e34b96e4813d3caee5c690ece9b
?? app/src/dev/AndroidManifest.xml
?? app/src/dev/java/
pytest 9.0.3
d5a82bfa8a74572a447cd1097bba02d674f7d842
 M src/aiverify/runner/run_spec.py
 M src/aiverify/runner/system_events.py
 M tests/runner/test_run_spec.py
 M tests/runner/test_system_events.py
?? bench/goldset/patches/wikipedia-network-reliability-01-baseline-fixture.patch
?? bench/goldset/patches/wikipedia-network-reliability-01-candidate.patch
?? bench/goldset/run-specs/wikipedia-network-reliability-01-baseline.yaml
?? bench/goldset/run-specs/wikipedia-network-reliability-01-candidate.yaml
?? bench/goldset/specs/wikipedia-network-reliability-01.md
?? docs/runs/2026-07-19-issue-69-network-reliability/
?? src/aiverify/bench/network_reliability.py
?? tests/bench/test_network_reliability.py
