tests/agent/test_oracle_l1.py: 8
tests/agent/test_oracle_l2.py: 8
tests/agent/test_oracle_l3.py: 9
tests/agent/test_planner_basic.py: 8
tests/bench/test_accessibility_slice.py: 13
tests/bench/test_compatibility_matrix.py: 10
tests/bench/test_concurrency_slice.py: 8
tests/bench/test_current_claim_matrix.py: 5
tests/bench/test_goldset_config_change_01_defect.py: 4
tests/bench/test_goldset_config_change_02_query_duplication.py: 4
tests/bench/test_goldset_config_change_smoke.py: 3
tests/bench/test_goldset_coroutine_03_anr.py: 3
tests/bench/test_goldset_lifecycle_04_crash.py: 4
tests/bench/test_goldset_navigation_01_crash.py: 3
tests/bench/test_goldset_navigation_02_back_button_swallowed.py: 4
tests/bench/test_goldset_process_death_02_state_loss.py: 4
tests/bench/test_goldset_process_death_03_oversized_saved_state.py: 4
tests/bench/test_goldset_ui_rendering_01_nav_label_swap.py: 4
tests/bench/test_goldset_ui_rendering_02_search_card_copy_mismatch.py: 4
tests/bench/test_l3_repeatability.py: 5
tests/bench/test_lifecycle_recovery.py: 14
tests/bench/test_live_validation_gate.py: 11
tests/bench/test_m2_beta_benchmark_slice_report.py: 5
tests/bench/test_m2_beta_inclusion_rules.py: 4
tests/bench/test_m2_beta_metric_context.py: 12
tests/bench/test_m2_beta_oversized_saved_state_quarantine.py: 5
tests/bench/test_m2_beta_summary.py: 13
tests/bench/test_m2_l3_text_layout_summary.py: 2
tests/bench/test_m2_scoped_milestone_note.py: 2
tests/bench/test_m3_rebaseline_audit.py: 9
tests/bench/test_m3_reliability.py: 87
tests/bench/test_m3_v3_audit.py: 7
tests/bench/test_m6_case_package.py: 19
tests/bench/test_m6_cohort.py: 17
tests/bench/test_network_reliability.py: 49
tests/bench/test_performance_intent_slice.py: 9
tests/bench/test_run_record_checksums.py: 6
tests/bench/test_runtime_permission_slice.py: 7
tests/bench/test_taxonomy.py: 20
tests/harness/test_build_batcher.py: 14
tests/harness/test_build_builder.py: 7
tests/harness/test_build_patcher.py: 4
tests/harness/test_device_controller.py: 51
tests/harness/test_device_logcat.py: 25
tests/runner/test_cli.py: 43
tests/runner/test_codex_backend.py: 9
tests/runner/test_evidence.py: 9
tests/runner/test_execution_identity.py: 1
tests/runner/test_execution_record.py: 7
tests/runner/test_journey.py: 27
tests/runner/test_run_spec.py: 23
tests/runner/test_system_events.py: 65
tests/runner/test_verdict.py: 4
tests/test_codex_cli_provider.py: 8
tests/test_providers.py: 5
