To honour the JVM settings for this build a single-use Daemon process will be forked. For more on this, please refer to https://docs.gradle.org/8.11.1/userguide/gradle_daemon.html#sec:disabling_the_daemon in the Gradle documentation.
Daemon will be stopped at the end of the build 
Warning: SDK processing. This version only understands SDK XML versions up to 3 but an SDK XML file of version 4 was encountered. This can happen if you use versions of Android Studio and the command-line tools that were released at different times.
> Task :app:preBuild UP-TO-DATE
> Task :app:preDebugBuild UP-TO-DATE
> Task :app:mergeDebugNativeDebugMetadata NO-SOURCE
> Task :app:checkKotlinGradlePluginConfigurationErrors SKIPPED
> Task :app:generateDebugBuildConfig
> Task :app:checkDebugAarMetadata
> Task :app:generateDebugResValues
> Task :app:mapDebugSourceSetPaths
> Task :app:generateDebugResources
> Task :app:mergeDebugResources
> Task :app:packageDebugResources
> Task :app:parseDebugLocalResources
> Task :app:createDebugCompatibleScreenManifests
> Task :app:extractDeepLinksDebug
> Task :app:processDebugMainManifest
> Task :app:processDebugManifest
> Task :app:processDebugManifestForPackage
> Task :app:processDebugResources

> Task :app:kspDebugKotlin
w: Opt-in requirement marker kotlin.Experimental is unresolved. Please make sure it's present in the module dependencies

> Task :app:compileDebugKotlin
w: Opt-in requirement marker kotlin.Experimental is unresolved. Please make sure it's present in the module dependencies
w: file:///private/tmp/m9-136-option-c/app/src/main/java/com/example/android/architecture/blueprints/todoapp/util/ComposeUtils.kt:49:9 'fun SwipeRefresh(state: SwipeRefreshState, onRefresh: () -> Unit, modifier: Modifier = ..., swipeEnabled: Boolean = ..., refreshTriggerDistance: Dp = ..., indicatorAlignment: Alignment = ..., indicatorPadding: PaddingValues = ..., indicator: @Composable() ComposableFunction2<@ParameterName(...) SwipeRefreshState, @ParameterName(...) Dp, Unit> = ..., clipIndicatorToPadding: Boolean = ..., content: @Composable() ComposableFunction0<Unit>): Unit' is deprecated. accompanist/swiperefresh is deprecated.
 The androidx.compose equivalent of SwipeRefresh is Modifier.pullRefresh().
 This is often migrated as:
 Box(modifier = Modifier.pullRefresh(refreshState)) { 
    ... 
    PullRefreshIndicator(...) 
 }
 
 For more migration information, please visit https://google.github.io/accompanist/swiperefresh/#migration.
w: file:///private/tmp/m9-136-option-c/app/src/main/java/com/example/android/architecture/blueprints/todoapp/util/ComposeUtils.kt:50:21 'fun rememberSwipeRefreshState(isRefreshing: Boolean): SwipeRefreshState' is deprecated. accompanist/swiperefresh is deprecated.
     The androidx.compose equivalent of rememberSwipeRefreshState() is rememberPullRefreshState().
     For more migration information, please visit https://google.github.io/accompanist/swiperefresh/#migration.
w: file:///private/tmp/m9-136-option-c/app/src/main/java/com/example/android/architecture/blueprints/todoapp/util/TopAppBars.kt:166:35 'val Icons.Filled.ArrowBack: ImageVector' is deprecated. Use the AutoMirrored version at Icons.AutoMirrored.Filled.ArrowBack.

> Task :app:javaPreCompileDebug
> Task :app:compileDebugJavaWithJavac
> Task :app:mergeDebugShaders
> Task :app:compileDebugShaders NO-SOURCE
> Task :app:generateDebugAssets UP-TO-DATE
> Task :app:mergeDebugAssets
> Task :app:compressDebugAssets
> Task :app:desugarDebugFileDependencies
> Task :app:hiltAggregateDepsDebug
> Task :app:hiltJavaCompileDebug
> Task :app:transformDebugClassesWithAsm
> Task :app:jacocoDebug
> Task :app:dexBuilderDebug
> Task :app:mergeDebugGlobalSynthetics
> Task :app:generateDebugJacocoPropertiesFile
> Task :app:processDebugJavaRes
> Task :app:mergeDebugJavaResource
> Task :app:checkDebugDuplicateClasses
> Task :app:mergeExtDexDebug
> Task :app:mergeLibDexDebug
> Task :app:mergeProjectDexDebug
> Task :app:mergeDebugJniLibFolders
> Task :app:mergeDebugNativeLibs

> Task :app:stripDebugDebugSymbols
Unable to strip the following libraries, packaging them as they are: libandroidx.graphics.path.so.

> Task :app:validateSigningDebug
> Task :app:writeDebugAppMetadata
> Task :app:writeDebugSigningConfigVersions
> Task :app:packageDebug
> Task :app:createDebugApkListingFileRedirect
> Task :app:assembleDebug

BUILD SUCCESSFUL in 46s
43 actionable tasks: 43 executed
