........................................................................ [  4%]
........................................................................ [  9%]
........................................................................ [ 14%]
........................................................................ [ 18%]
........................................................................ [ 23%]
......................................s................................. [ 28%]
........................................................................ [ 32%]
....................................ssssssssssssssssssssssssssssssssssss [ 37%]
sssss................................................................... [ 42%]
........................................................................ [ 46%]
.........ssssssssss..................................................... [ 51%]
........................................................................ [ 56%]
........................................................................ [ 60%]
........................................................................ [ 65%]
........................................................................ [ 70%]
........................................................................ [ 75%]
........................................................................ [ 79%]
........................................................................ [ 84%]
........................................................................ [ 89%]
........................................................................ [ 93%]
........................................................................ [ 98%]
........................                                                 [100%]
=============================== warnings summary ===============================
tests/agent/test_oracle_l2.py::test_l2_fail_when_node_gone
tests/bench/test_goldset_process_death_02_state_loss.py::test_defect_build_l2_fails_with_state_loss
tests/bench/test_runtime_permission_slice.py::test_missing_fallback_is_detected_after_denial
  /Users/80268204/Projects/ai_verification/src/aiverify/agent/oracle/l2.py:123: DeprecationWarning: Testing an element's truth value will always return True in future versions.  Use specific 'len(elem)' or 'elem is not None' test instead.
    before_val = node_before.get(attr, "<absent>") if node_before else "<absent>"

-- Docs: https://docs.pytest.org/en/stable/how-to/capture-warnings.html
1484 passed, 52 skipped, 3 warnings in 1649.97s (0:27:29)
