Picked up JAVA_TOOL_OPTIONS: -Djavax.net.ssl.trustStore=/Users/80268204/.gradle/cacerts-with-webgw -Djavax.net.ssl.trustStorePassword=changeit
To honour the JVM settings for this build a single-use Daemon process will be forked. For more on this, please refer to https://docs.gradle.org/9.1.0/userguide/gradle_daemon.html#sec:disabling_the_daemon in the Gradle documentation.
Daemon will be stopped at the end of the build 
Calculating task graph as no cached configuration is available for tasks: :app:assembleDebug
Warning: SDK processing. This version only understands SDK XML versions up to 3 but an SDK XML file of version 4 was encountered. This can happen if you use versions of Android Studio and the command-line tools that were released at different times.
Picked up JAVA_TOOL_OPTIONS: -Djavax.net.ssl.trustStore=/Users/80268204/.gradle/cacerts-with-webgw -Djavax.net.ssl.trustStorePassword=changeit

Picked up JAVA_TOOL_OPTIONS: -Djavax.net.ssl.trustStore=/Users/80268204/.gradle/cacerts-with-webgw -Djavax.net.ssl.trustStorePassword=changeit

Picked up JAVA_TOOL_OPTIONS: -Djavax.net.ssl.trustStore=/Users/80268204/.gradle/cacerts-with-webgw -Djavax.net.ssl.trustStorePassword=changeit

> Task :app:preBuild UP-TO-DATE
> Task :app:generateDebugAssets UP-TO-DATE
> Task :app:preDebugBuild UP-TO-DATE
> Task :app:mergeDebugNativeDebugMetadata NO-SOURCE
> Task :app:checkDebugAarMetadata
> Task :app:createDebugCompatibleScreenManifests
> Task :app:validateSigningDebug
> Task :app:mergeDebugJniLibFolders
> Task :app:mergeDebugAssets
> Task :app:writeDebugAppMetadata
> Task :app:generateDebugResValues
> Task :app:writeDebugSigningConfigVersions
> Task :app:javaPreCompileDebug
> Task :app:extractDeepLinksDebug
> Task :app:mapDebugSourceSetPaths
> Task :app:mergeDebugNativeLibs NO-SOURCE
> Task :app:stripDebugDebugSymbols NO-SOURCE
> Task :app:compressDebugAssets
> Task :app:processDebugNavigationResources
> Task :app:generateDebugResources
> Task :app:checkDebugDuplicateClasses
> Task :app:desugarDebugFileDependencies
> Task :app:processDebugMainManifest
> Task :app:processDebugManifest
> Task :app:compileDebugNavigationResources
> Task :app:processDebugManifestForPackage
> Task :app:mergeLibDexDebug
> Task :app:packageDebugResources
> Task :app:mergeDebugResources
> Task :app:mergeExtDexDebug
> Task :app:parseDebugLocalResources
> Task :app:generateDebugRFile
> Task :app:compileDebugKotlin NO-SOURCE
> Task :app:processDebugJavaRes NO-SOURCE
> Task :app:mergeDebugJavaResource
> Task :app:processDebugResources

> Task :app:compileDebugJavaWithJavac
注: /Users/80268204/Projects/ai_verification/bench/fixtures/lifecycle-recovery-app/app/src/main/java/dev/aiverify/lifecyclefixture/PerformanceSecurityActivity.java使用或覆盖了已过时的 API。
注: 有关详细信息, 请使用 -Xlint:deprecation 重新编译。

> Task :app:dexBuilderDebug
> Task :app:mergeDebugGlobalSynthetics
> Task :app:mergeProjectDexDebug
> Task :app:packageDebug
> Task :app:assembleDebug
> Task :app:createDebugApkListingFileRedirect

[Incubating] Problems report is available at: file:///Users/80268204/Projects/ai_verification/bench/fixtures/lifecycle-recovery-app/build/reports/problems/problems-report.html

BUILD SUCCESSFUL in 15m 42s
34 actionable tasks: 34 executed
Configuration cache entry stored.
