Calculating task graph as no cached configuration is available for tasks: :app:assembleDebug
> Task :app:generateDebugAssets UP-TO-DATE
> Task :app:preBuild UP-TO-DATE
> Task :app:preDebugBuild UP-TO-DATE
> Task :app:mergeDebugNativeDebugMetadata NO-SOURCE
> Task :app:generateDebugResValues FROM-CACHE
> Task :app:javaPreCompileDebug FROM-CACHE
> Task :app:validateSigningDebug
> Task :app:createDebugCompatibleScreenManifests
> Task :app:checkDebugAarMetadata
> Task :app:mergeDebugJniLibFolders
> Task :app:checkDebugDuplicateClasses
> Task :app:mergeDebugAssets
> Task :app:mergeDebugNativeLibs NO-SOURCE
> Task :app:stripDebugDebugSymbols NO-SOURCE
> Task :app:writeDebugSigningConfigVersions
> Task :app:writeDebugAppMetadata
> Task :app:extractDeepLinksDebug FROM-CACHE
> Task :app:compressDebugAssets FROM-CACHE
> Task :app:mergeLibDexDebug FROM-CACHE
> Task :app:mapDebugSourceSetPaths
> Task :app:processDebugNavigationResources FROM-CACHE
> Task :app:generateDebugResources FROM-CACHE
> Task :app:compileDebugNavigationResources FROM-CACHE
> Task :app:processDebugMainManifest FROM-CACHE
> Task :app:processDebugManifest FROM-CACHE
> Task :app:processDebugManifestForPackage FROM-CACHE
> Task :app:packageDebugResources FROM-CACHE
> Task :app:mergeDebugResources FROM-CACHE
> Task :app:parseDebugLocalResources FROM-CACHE
> Task :app:generateDebugRFile FROM-CACHE
> Task :app:compileDebugKotlin NO-SOURCE
> Task :app:processDebugJavaRes NO-SOURCE
> Task :app:processDebugResources FROM-CACHE
> Task :app:mergeDebugJavaResource
> Task :app:desugarDebugFileDependencies FROM-CACHE
> Task :app:compileDebugJavaWithJavac FROM-CACHE
> Task :app:dexBuilderDebug FROM-CACHE
> Task :app:mergeProjectDexDebug FROM-CACHE
> Task :app:mergeDebugGlobalSynthetics FROM-CACHE
> Task :app:mergeExtDexDebug FROM-CACHE
> Task :app:packageDebug
> Task :app:assembleDebug
> Task :app:createDebugApkListingFileRedirect

BUILD SUCCESSFUL in 795ms
34 actionable tasks: 12 executed, 22 from cache
Configuration cache entry stored.
