Calculating task graph as no cached configuration is available for tasks: :app:assembleDebug
> Task :app:preBuild UP-TO-DATE
> Task :app:generateDebugAssets UP-TO-DATE
> Task :app:preDebugBuild UP-TO-DATE
> Task :app:mergeDebugNativeDebugMetadata NO-SOURCE
> Task :app:javaPreCompileDebug FROM-CACHE
> Task :app:generateDebugResValues FROM-CACHE
> Task :app:validateSigningDebug
> Task :app:createDebugCompatibleScreenManifests
> Task :app:checkDebugAarMetadata
> Task :app:checkDebugDuplicateClasses
> Task :app:mergeDebugAssets
> Task :app:mergeDebugJniLibFolders
> Task :app:writeDebugAppMetadata
> Task :app:extractDeepLinksDebug FROM-CACHE
> Task :app:writeDebugSigningConfigVersions
> Task :app:mergeDebugNativeLibs NO-SOURCE
> Task :app:stripDebugDebugSymbols NO-SOURCE
> Task :app:compressDebugAssets FROM-CACHE
> Task :app:mergeLibDexDebug FROM-CACHE
> Task :app:processDebugMainManifest FROM-CACHE
> Task :app:processDebugManifest FROM-CACHE
> Task :app:processDebugManifestForPackage FROM-CACHE
> Task :app:processDebugNavigationResources FROM-CACHE
> Task :app:generateDebugResources FROM-CACHE
> Task :app:mapDebugSourceSetPaths
> Task :app:compileDebugNavigationResources FROM-CACHE
> Task :app:packageDebugResources FROM-CACHE
> Task :app:parseDebugLocalResources FROM-CACHE
> Task :app:mergeDebugResources FROM-CACHE
> Task :app:generateDebugRFile FROM-CACHE
> Task :app:compileDebugKotlin NO-SOURCE
> Task :app:processDebugJavaRes NO-SOURCE
> Task :app:processDebugResources FROM-CACHE
> Task :app:mergeDebugJavaResource
> Task :app:desugarDebugFileDependencies FROM-CACHE
> Task :app:mergeExtDexDebug FROM-CACHE

> Task :app:compileDebugJavaWithJavac

> Task :app:dexBuilderDebug
> Task :app:mergeDebugGlobalSynthetics FROM-CACHE
> Task :app:mergeProjectDexDebug
> Task :app:packageDebug
> Task :app:assembleDebug
> Task :app:createDebugApkListingFileRedirect

[Incubating] Problems report is available at: file:///Users/peter/projects/ai_verification-m8-122-workspaces/defect/bench/fixtures/lifecycle-recovery-app/build/reports/problems/problems-report.html

BUILD SUCCESSFUL in 1s
34 actionable tasks: 15 executed, 19 from cache
Configuration cache entry stored.
Note: /Users/peter/projects/ai_verification-m8-122-workspaces/defect/bench/fixtures/lifecycle-recovery-app/app/src/main/java/dev/aiverify/lifecyclefixture/PerformanceSecurityActivity.java uses or overrides a deprecated API.
Note: Recompile with -Xlint:deprecation for details.
