START issue80-anr-baseline-1 2026-07-21T06:24:21-04:00 apk=/Users/peter/hosts/wikipedia/aiverify-builds/issue80/baseline-app-dev-debug.apk
Night mode: no
{
  "lane_id": "issue80-anr-baseline-1",
  "attempt_number": 1,
  "directory": "/Users/peter/projects/ai_verification-issue-80/docs/runs/2026-07-21-issue-80-m3-fresh/anr/lanes/issue80-anr-baseline-1/attempt-1",
  "verdict": "/Users/peter/projects/ai_verification-issue-80/docs/runs/2026-07-21-issue-80-m3-fresh/anr/lanes/issue80-anr-baseline-1/attempt-1/verdict.json",
  "execution_record": "/Users/peter/projects/ai_verification-issue-80/docs/runs/2026-07-21-issue-80-m3-fresh/anr/lanes/issue80-anr-baseline-1/attempt-1/execution-record.json",
  "attempt_id": "bb04e345-f4b6-4186-bb21-342b45a58528",
  "runner_exit_code": 0
}
FINISH issue80-anr-baseline-1 2026-07-21T06:25:53-04:00
START issue80-anr-baseline-2 2026-07-21T06:25:53-04:00 apk=/Users/peter/hosts/wikipedia/aiverify-builds/issue80/baseline-app-dev-debug.apk
Night mode: no
{
  "lane_id": "issue80-anr-baseline-2",
  "attempt_number": 1,
  "directory": "/Users/peter/projects/ai_verification-issue-80/docs/runs/2026-07-21-issue-80-m3-fresh/anr/lanes/issue80-anr-baseline-2/attempt-1",
  "verdict": "/Users/peter/projects/ai_verification-issue-80/docs/runs/2026-07-21-issue-80-m3-fresh/anr/lanes/issue80-anr-baseline-2/attempt-1/verdict.json",
  "execution_record": "/Users/peter/projects/ai_verification-issue-80/docs/runs/2026-07-21-issue-80-m3-fresh/anr/lanes/issue80-anr-baseline-2/attempt-1/execution-record.json",
  "attempt_id": "56f9f370-c076-4a8d-98ce-04b7e98f4418",
  "runner_exit_code": 0
}
FINISH issue80-anr-baseline-2 2026-07-21T06:27:10-04:00
START issue80-anr-baseline-3 2026-07-21T06:27:10-04:00 apk=/Users/peter/hosts/wikipedia/aiverify-builds/issue80/baseline-app-dev-debug.apk
Night mode: no
{
  "lane_id": "issue80-anr-baseline-3",
  "attempt_number": 1,
  "directory": "/Users/peter/projects/ai_verification-issue-80/docs/runs/2026-07-21-issue-80-m3-fresh/anr/lanes/issue80-anr-baseline-3/attempt-1",
  "verdict": "/Users/peter/projects/ai_verification-issue-80/docs/runs/2026-07-21-issue-80-m3-fresh/anr/lanes/issue80-anr-baseline-3/attempt-1/verdict.json",
  "execution_record": "/Users/peter/projects/ai_verification-issue-80/docs/runs/2026-07-21-issue-80-m3-fresh/anr/lanes/issue80-anr-baseline-3/attempt-1/execution-record.json",
  "attempt_id": "eebb339a-fc81-46b2-8f57-164073cb4219",
  "runner_exit_code": 0
}
FINISH issue80-anr-baseline-3 2026-07-21T06:28:23-04:00
START issue80-anr-defect-1 2026-07-21T06:28:23-04:00 apk=/Users/peter/hosts/wikipedia/aiverify-builds/issue80/anr-defect-app-dev-debug.apk
Night mode: no
{
  "lane_id": "issue80-anr-defect-1",
  "attempt_number": 1,
  "directory": "/Users/peter/projects/ai_verification-issue-80/docs/runs/2026-07-21-issue-80-m3-fresh/anr/lanes/issue80-anr-defect-1/attempt-1",
  "verdict": "/Users/peter/projects/ai_verification-issue-80/docs/runs/2026-07-21-issue-80-m3-fresh/anr/lanes/issue80-anr-defect-1/attempt-1/verdict.json",
  "execution_record": "/Users/peter/projects/ai_verification-issue-80/docs/runs/2026-07-21-issue-80-m3-fresh/anr/lanes/issue80-anr-defect-1/attempt-1/execution-record.json",
  "attempt_id": "94dcdd18-7770-4e3c-b6e3-df243dcb42f5",
  "runner_exit_code": 1
}
FINISH issue80-anr-defect-1 2026-07-21T06:29:54-04:00
START issue80-anr-defect-2 2026-07-21T06:29:54-04:00 apk=/Users/peter/hosts/wikipedia/aiverify-builds/issue80/anr-defect-app-dev-debug.apk
Night mode: no
{
  "lane_id": "issue80-anr-defect-2",
  "attempt_number": 1,
  "directory": "/Users/peter/projects/ai_verification-issue-80/docs/runs/2026-07-21-issue-80-m3-fresh/anr/lanes/issue80-anr-defect-2/attempt-1",
  "verdict": "/Users/peter/projects/ai_verification-issue-80/docs/runs/2026-07-21-issue-80-m3-fresh/anr/lanes/issue80-anr-defect-2/attempt-1/verdict.json",
  "execution_record": "/Users/peter/projects/ai_verification-issue-80/docs/runs/2026-07-21-issue-80-m3-fresh/anr/lanes/issue80-anr-defect-2/attempt-1/execution-record.json",
  "attempt_id": "f7b26e37-7c62-4787-8222-a079434c4779",
  "runner_exit_code": 1
}
FINISH issue80-anr-defect-2 2026-07-21T06:31:11-04:00
START issue80-anr-defect-3 2026-07-21T06:31:11-04:00 apk=/Users/peter/hosts/wikipedia/aiverify-builds/issue80/anr-defect-app-dev-debug.apk
Night mode: no
{
  "lane_id": "issue80-anr-defect-3",
  "attempt_number": 1,
  "directory": "/Users/peter/projects/ai_verification-issue-80/docs/runs/2026-07-21-issue-80-m3-fresh/anr/lanes/issue80-anr-defect-3/attempt-1",
  "verdict": "/Users/peter/projects/ai_verification-issue-80/docs/runs/2026-07-21-issue-80-m3-fresh/anr/lanes/issue80-anr-defect-3/attempt-1/verdict.json",
  "execution_record": "/Users/peter/projects/ai_verification-issue-80/docs/runs/2026-07-21-issue-80-m3-fresh/anr/lanes/issue80-anr-defect-3/attempt-1/execution-record.json",
  "attempt_id": "ac015b1a-915a-4063-afe7-8f33b1608350",
  "runner_exit_code": 1
}
FINISH issue80-anr-defect-3 2026-07-21T06:32:38-04:00
START issue80-oversized-baseline-1 2026-07-21T06:32:38-04:00 apk=/Users/peter/hosts/wikipedia/aiverify-builds/issue80/baseline-app-dev-debug.apk
Night mode: no
{
  "lane_id": "issue80-oversized-baseline-1",
  "attempt_number": 1,
  "directory": "/Users/peter/projects/ai_verification-issue-80/docs/runs/2026-07-21-issue-80-m3-fresh/oversized/lanes/issue80-oversized-baseline-1/attempt-1",
  "verdict": "/Users/peter/projects/ai_verification-issue-80/docs/runs/2026-07-21-issue-80-m3-fresh/oversized/lanes/issue80-oversized-baseline-1/attempt-1/verdict.json",
  "execution_record": "/Users/peter/projects/ai_verification-issue-80/docs/runs/2026-07-21-issue-80-m3-fresh/oversized/lanes/issue80-oversized-baseline-1/attempt-1/execution-record.json",
  "attempt_id": "0c49ab04-73d0-4d4e-9c76-74a1ed859a11",
  "runner_exit_code": 0
}
FINISH issue80-oversized-baseline-1 2026-07-21T06:34:27-04:00
START issue80-oversized-baseline-2 2026-07-21T06:34:27-04:00 apk=/Users/peter/hosts/wikipedia/aiverify-builds/issue80/baseline-app-dev-debug.apk
Night mode: no
{
  "lane_id": "issue80-oversized-baseline-2",
  "attempt_number": 1,
  "directory": "/Users/peter/projects/ai_verification-issue-80/docs/runs/2026-07-21-issue-80-m3-fresh/oversized/lanes/issue80-oversized-baseline-2/attempt-1",
  "verdict": "/Users/peter/projects/ai_verification-issue-80/docs/runs/2026-07-21-issue-80-m3-fresh/oversized/lanes/issue80-oversized-baseline-2/attempt-1/verdict.json",
  "execution_record": "/Users/peter/projects/ai_verification-issue-80/docs/runs/2026-07-21-issue-80-m3-fresh/oversized/lanes/issue80-oversized-baseline-2/attempt-1/execution-record.json",
  "attempt_id": "8054680a-7911-41db-89f5-ca2e66a3f5cd",
  "runner_exit_code": 0
}
FINISH issue80-oversized-baseline-2 2026-07-21T06:36:15-04:00
START issue80-oversized-baseline-3 2026-07-21T06:36:15-04:00 apk=/Users/peter/hosts/wikipedia/aiverify-builds/issue80/baseline-app-dev-debug.apk
Night mode: no
{
  "lane_id": "issue80-oversized-baseline-3",
  "attempt_number": 1,
  "directory": "/Users/peter/projects/ai_verification-issue-80/docs/runs/2026-07-21-issue-80-m3-fresh/oversized/lanes/issue80-oversized-baseline-3/attempt-1",
  "verdict": "/Users/peter/projects/ai_verification-issue-80/docs/runs/2026-07-21-issue-80-m3-fresh/oversized/lanes/issue80-oversized-baseline-3/attempt-1/verdict.json",
  "execution_record": "/Users/peter/projects/ai_verification-issue-80/docs/runs/2026-07-21-issue-80-m3-fresh/oversized/lanes/issue80-oversized-baseline-3/attempt-1/execution-record.json",
  "attempt_id": "8db522ee-d852-4664-a6d8-ed29239edaac",
  "runner_exit_code": 0
}
FINISH issue80-oversized-baseline-3 2026-07-21T06:37:35-04:00
START issue80-oversized-defect-1 2026-07-21T06:37:35-04:00 apk=/Users/peter/hosts/wikipedia/aiverify-builds/issue80/oversized-defect-app-dev-debug.apk
Night mode: no
{
  "lane_id": "issue80-oversized-defect-1",
  "attempt_number": 1,
  "directory": "/Users/peter/projects/ai_verification-issue-80/docs/runs/2026-07-21-issue-80-m3-fresh/oversized/lanes/issue80-oversized-defect-1/attempt-1",
  "verdict": "/Users/peter/projects/ai_verification-issue-80/docs/runs/2026-07-21-issue-80-m3-fresh/oversized/lanes/issue80-oversized-defect-1/attempt-1/verdict.json",
  "execution_record": "/Users/peter/projects/ai_verification-issue-80/docs/runs/2026-07-21-issue-80-m3-fresh/oversized/lanes/issue80-oversized-defect-1/attempt-1/execution-record.json",
  "attempt_id": "a671606b-a341-47a9-822c-d9bf611349f6",
  "runner_exit_code": 1
}
FINISH issue80-oversized-defect-1 2026-07-21T06:39:00-04:00
START issue80-oversized-defect-2 2026-07-21T06:39:00-04:00 apk=/Users/peter/hosts/wikipedia/aiverify-builds/issue80/oversized-defect-app-dev-debug.apk
Night mode: no
{
  "lane_id": "issue80-oversized-defect-2",
  "attempt_number": 1,
  "directory": "/Users/peter/projects/ai_verification-issue-80/docs/runs/2026-07-21-issue-80-m3-fresh/oversized/lanes/issue80-oversized-defect-2/attempt-1",
  "verdict": "/Users/peter/projects/ai_verification-issue-80/docs/runs/2026-07-21-issue-80-m3-fresh/oversized/lanes/issue80-oversized-defect-2/attempt-1/verdict.json",
  "execution_record": "/Users/peter/projects/ai_verification-issue-80/docs/runs/2026-07-21-issue-80-m3-fresh/oversized/lanes/issue80-oversized-defect-2/attempt-1/execution-record.json",
  "attempt_id": "76232f4e-72ab-4858-9461-d7e9878a6941",
  "runner_exit_code": 1
}
FINISH issue80-oversized-defect-2 2026-07-21T06:40:20-04:00
START issue80-oversized-defect-3 2026-07-21T06:40:20-04:00 apk=/Users/peter/hosts/wikipedia/aiverify-builds/issue80/oversized-defect-app-dev-debug.apk
Night mode: no
{
  "lane_id": "issue80-oversized-defect-3",
  "attempt_number": 1,
  "directory": "/Users/peter/projects/ai_verification-issue-80/docs/runs/2026-07-21-issue-80-m3-fresh/oversized/lanes/issue80-oversized-defect-3/attempt-1",
  "verdict": "/Users/peter/projects/ai_verification-issue-80/docs/runs/2026-07-21-issue-80-m3-fresh/oversized/lanes/issue80-oversized-defect-3/attempt-1/verdict.json",
  "execution_record": "/Users/peter/projects/ai_verification-issue-80/docs/runs/2026-07-21-issue-80-m3-fresh/oversized/lanes/issue80-oversized-defect-3/attempt-1/execution-record.json",
  "attempt_id": "087a6470-217c-4811-ba46-75afca655c90",
  "runner_exit_code": 1
}
FINISH issue80-oversized-defect-3 2026-07-21T06:41:44-04:00
START issue80-query-baseline-1 2026-07-21T06:41:44-04:00 apk=/Users/peter/hosts/wikipedia/aiverify-builds/issue80/baseline-app-dev-debug.apk
Night mode: no
{
  "lane_id": "issue80-query-baseline-1",
  "attempt_number": 1,
  "directory": "/Users/peter/projects/ai_verification-issue-80/docs/runs/2026-07-21-issue-80-m3-fresh/query/lanes/issue80-query-baseline-1/attempt-1",
  "verdict": "/Users/peter/projects/ai_verification-issue-80/docs/runs/2026-07-21-issue-80-m3-fresh/query/lanes/issue80-query-baseline-1/attempt-1/verdict.json",
  "execution_record": "/Users/peter/projects/ai_verification-issue-80/docs/runs/2026-07-21-issue-80-m3-fresh/query/lanes/issue80-query-baseline-1/attempt-1/execution-record.json",
  "attempt_id": "d047e200-388f-4ac8-8132-9fcba277c945",
  "runner_exit_code": 0
}
FINISH issue80-query-baseline-1 2026-07-21T06:43:23-04:00
START issue80-query-baseline-2 2026-07-21T06:43:23-04:00 apk=/Users/peter/hosts/wikipedia/aiverify-builds/issue80/baseline-app-dev-debug.apk
Night mode: no
{
  "lane_id": "issue80-query-baseline-2",
  "attempt_number": 1,
  "directory": "/Users/peter/projects/ai_verification-issue-80/docs/runs/2026-07-21-issue-80-m3-fresh/query/lanes/issue80-query-baseline-2/attempt-1",
  "verdict": "/Users/peter/projects/ai_verification-issue-80/docs/runs/2026-07-21-issue-80-m3-fresh/query/lanes/issue80-query-baseline-2/attempt-1/verdict.json",
  "execution_record": "/Users/peter/projects/ai_verification-issue-80/docs/runs/2026-07-21-issue-80-m3-fresh/query/lanes/issue80-query-baseline-2/attempt-1/execution-record.json",
  "attempt_id": "3c9bbade-815e-4f78-8ad5-f87b2db42c16",
  "runner_exit_code": 0
}
FINISH issue80-query-baseline-2 2026-07-21T06:45:26-04:00
START issue80-query-baseline-3 2026-07-21T06:45:26-04:00 apk=/Users/peter/hosts/wikipedia/aiverify-builds/issue80/baseline-app-dev-debug.apk
Night mode: no
{
  "lane_id": "issue80-query-baseline-3",
  "attempt_number": 1,
  "directory": "/Users/peter/projects/ai_verification-issue-80/docs/runs/2026-07-21-issue-80-m3-fresh/query/lanes/issue80-query-baseline-3/attempt-1",
  "verdict": "/Users/peter/projects/ai_verification-issue-80/docs/runs/2026-07-21-issue-80-m3-fresh/query/lanes/issue80-query-baseline-3/attempt-1/verdict.json",
  "execution_record": "/Users/peter/projects/ai_verification-issue-80/docs/runs/2026-07-21-issue-80-m3-fresh/query/lanes/issue80-query-baseline-3/attempt-1/execution-record.json",
  "attempt_id": "8a108092-9e57-4713-a66c-6ada0b740a06",
  "runner_exit_code": 0
}
FINISH issue80-query-baseline-3 2026-07-21T06:47:21-04:00
START issue80-query-defect-1 2026-07-21T06:47:21-04:00 apk=/Users/peter/hosts/wikipedia/aiverify-builds/issue80/query-defect-app-dev-debug.apk
Night mode: no
{
  "lane_id": "issue80-query-defect-1",
  "attempt_number": 1,
  "directory": "/Users/peter/projects/ai_verification-issue-80/docs/runs/2026-07-21-issue-80-m3-fresh/query/lanes/issue80-query-defect-1/attempt-1",
  "verdict": "/Users/peter/projects/ai_verification-issue-80/docs/runs/2026-07-21-issue-80-m3-fresh/query/lanes/issue80-query-defect-1/attempt-1/verdict.json",
  "execution_record": "/Users/peter/projects/ai_verification-issue-80/docs/runs/2026-07-21-issue-80-m3-fresh/query/lanes/issue80-query-defect-1/attempt-1/execution-record.json",
  "attempt_id": "78583c1d-ce25-4f4f-8a81-2f9e9ade7168",
  "runner_exit_code": 1
}
FINISH issue80-query-defect-1 2026-07-21T06:49:29-04:00
START issue80-query-defect-2 2026-07-21T06:49:29-04:00 apk=/Users/peter/hosts/wikipedia/aiverify-builds/issue80/query-defect-app-dev-debug.apk
Night mode: no
{
  "lane_id": "issue80-query-defect-2",
  "attempt_number": 1,
  "directory": "/Users/peter/projects/ai_verification-issue-80/docs/runs/2026-07-21-issue-80-m3-fresh/query/lanes/issue80-query-defect-2/attempt-1",
  "verdict": "/Users/peter/projects/ai_verification-issue-80/docs/runs/2026-07-21-issue-80-m3-fresh/query/lanes/issue80-query-defect-2/attempt-1/verdict.json",
  "execution_record": "/Users/peter/projects/ai_verification-issue-80/docs/runs/2026-07-21-issue-80-m3-fresh/query/lanes/issue80-query-defect-2/attempt-1/execution-record.json",
  "attempt_id": "fcb8fb97-00e9-40a0-ad62-6a81b9900f28",
  "runner_exit_code": 1
}
FINISH issue80-query-defect-2 2026-07-21T06:50:52-04:00
START issue80-query-defect-3 2026-07-21T06:50:52-04:00 apk=/Users/peter/hosts/wikipedia/aiverify-builds/issue80/query-defect-app-dev-debug.apk
Night mode: no
{
  "lane_id": "issue80-query-defect-3",
  "attempt_number": 1,
  "directory": "/Users/peter/projects/ai_verification-issue-80/docs/runs/2026-07-21-issue-80-m3-fresh/query/lanes/issue80-query-defect-3/attempt-1",
  "verdict": "/Users/peter/projects/ai_verification-issue-80/docs/runs/2026-07-21-issue-80-m3-fresh/query/lanes/issue80-query-defect-3/attempt-1/verdict.json",
  "execution_record": "/Users/peter/projects/ai_verification-issue-80/docs/runs/2026-07-21-issue-80-m3-fresh/query/lanes/issue80-query-defect-3/attempt-1/execution-record.json",
  "attempt_id": "f88f62cf-cb26-4107-b95c-55e757f8d18f",
  "runner_exit_code": 1
}
FINISH issue80-query-defect-3 2026-07-21T06:52:52-04:00
START issue80-swallowed-baseline-1 2026-07-21T06:52:52-04:00 apk=/Users/peter/hosts/wikipedia/aiverify-builds/issue80/baseline-app-dev-debug.apk
Night mode: no
{
  "lane_id": "issue80-swallowed-baseline-1",
  "attempt_number": 1,
  "directory": "/Users/peter/projects/ai_verification-issue-80/docs/runs/2026-07-21-issue-80-m3-fresh/swallowed/lanes/issue80-swallowed-baseline-1/attempt-1",
  "verdict": "/Users/peter/projects/ai_verification-issue-80/docs/runs/2026-07-21-issue-80-m3-fresh/swallowed/lanes/issue80-swallowed-baseline-1/attempt-1/verdict.json",
  "execution_record": "/Users/peter/projects/ai_verification-issue-80/docs/runs/2026-07-21-issue-80-m3-fresh/swallowed/lanes/issue80-swallowed-baseline-1/attempt-1/execution-record.json",
  "attempt_id": "fa73f43b-619f-48ba-928d-8fdfb34f7c5c",
  "runner_exit_code": 0
}
FINISH issue80-swallowed-baseline-1 2026-07-21T06:54:54-04:00
START issue80-swallowed-baseline-2 2026-07-21T06:54:54-04:00 apk=/Users/peter/hosts/wikipedia/aiverify-builds/issue80/baseline-app-dev-debug.apk
Night mode: no
{
  "lane_id": "issue80-swallowed-baseline-2",
  "attempt_number": 1,
  "directory": "/Users/peter/projects/ai_verification-issue-80/docs/runs/2026-07-21-issue-80-m3-fresh/swallowed/lanes/issue80-swallowed-baseline-2/attempt-1",
  "verdict": "/Users/peter/projects/ai_verification-issue-80/docs/runs/2026-07-21-issue-80-m3-fresh/swallowed/lanes/issue80-swallowed-baseline-2/attempt-1/verdict.json",
  "execution_record": "/Users/peter/projects/ai_verification-issue-80/docs/runs/2026-07-21-issue-80-m3-fresh/swallowed/lanes/issue80-swallowed-baseline-2/attempt-1/execution-record.json",
  "attempt_id": "0185c401-4fcb-4906-8a61-ecd4edd8cb1e",
  "runner_exit_code": 0
}
FINISH issue80-swallowed-baseline-2 2026-07-21T06:56:37-04:00
START issue80-swallowed-baseline-3 2026-07-21T06:56:37-04:00 apk=/Users/peter/hosts/wikipedia/aiverify-builds/issue80/baseline-app-dev-debug.apk
Night mode: no
{
  "lane_id": "issue80-swallowed-baseline-3",
  "attempt_number": 1,
  "directory": "/Users/peter/projects/ai_verification-issue-80/docs/runs/2026-07-21-issue-80-m3-fresh/swallowed/lanes/issue80-swallowed-baseline-3/attempt-1",
  "verdict": "/Users/peter/projects/ai_verification-issue-80/docs/runs/2026-07-21-issue-80-m3-fresh/swallowed/lanes/issue80-swallowed-baseline-3/attempt-1/verdict.json",
  "execution_record": "/Users/peter/projects/ai_verification-issue-80/docs/runs/2026-07-21-issue-80-m3-fresh/swallowed/lanes/issue80-swallowed-baseline-3/attempt-1/execution-record.json",
  "attempt_id": "3e8935df-1bd7-4175-a23f-1d3642e377a7",
  "runner_exit_code": 0
}
FINISH issue80-swallowed-baseline-3 2026-07-21T06:58:24-04:00
START issue80-swallowed-defect-1 2026-07-21T06:58:24-04:00 apk=/Users/peter/hosts/wikipedia/aiverify-builds/issue80/swallowed-defect-app-dev-debug.apk
Night mode: no
{
  "lane_id": "issue80-swallowed-defect-1",
  "attempt_number": 1,
  "directory": "/Users/peter/projects/ai_verification-issue-80/docs/runs/2026-07-21-issue-80-m3-fresh/swallowed/lanes/issue80-swallowed-defect-1/attempt-1",
  "verdict": "/Users/peter/projects/ai_verification-issue-80/docs/runs/2026-07-21-issue-80-m3-fresh/swallowed/lanes/issue80-swallowed-defect-1/attempt-1/verdict.json",
  "execution_record": "/Users/peter/projects/ai_verification-issue-80/docs/runs/2026-07-21-issue-80-m3-fresh/swallowed/lanes/issue80-swallowed-defect-1/attempt-1/execution-record.json",
  "attempt_id": "07d24cda-70f9-4ee7-bb96-eeefcc916d97",
  "runner_exit_code": 1
}
FINISH issue80-swallowed-defect-1 2026-07-21T07:00:01-04:00
START issue80-swallowed-defect-2 2026-07-21T07:00:01-04:00 apk=/Users/peter/hosts/wikipedia/aiverify-builds/issue80/swallowed-defect-app-dev-debug.apk
Night mode: no
{
  "lane_id": "issue80-swallowed-defect-2",
  "attempt_number": 1,
  "directory": "/Users/peter/projects/ai_verification-issue-80/docs/runs/2026-07-21-issue-80-m3-fresh/swallowed/lanes/issue80-swallowed-defect-2/attempt-1",
  "verdict": "/Users/peter/projects/ai_verification-issue-80/docs/runs/2026-07-21-issue-80-m3-fresh/swallowed/lanes/issue80-swallowed-defect-2/attempt-1/verdict.json",
  "execution_record": "/Users/peter/projects/ai_verification-issue-80/docs/runs/2026-07-21-issue-80-m3-fresh/swallowed/lanes/issue80-swallowed-defect-2/attempt-1/execution-record.json",
  "attempt_id": "6c7c759a-78f3-4d95-9eec-6fa6e0e94380",
  "runner_exit_code": 1
}
FINISH issue80-swallowed-defect-2 2026-07-21T07:02:03-04:00
START issue80-swallowed-defect-3 2026-07-21T07:02:03-04:00 apk=/Users/peter/hosts/wikipedia/aiverify-builds/issue80/swallowed-defect-app-dev-debug.apk
Night mode: no
{
  "lane_id": "issue80-swallowed-defect-3",
  "attempt_number": 1,
  "directory": "/Users/peter/projects/ai_verification-issue-80/docs/runs/2026-07-21-issue-80-m3-fresh/swallowed/lanes/issue80-swallowed-defect-3/attempt-1",
  "verdict": "/Users/peter/projects/ai_verification-issue-80/docs/runs/2026-07-21-issue-80-m3-fresh/swallowed/lanes/issue80-swallowed-defect-3/attempt-1/verdict.json",
  "execution_record": "/Users/peter/projects/ai_verification-issue-80/docs/runs/2026-07-21-issue-80-m3-fresh/swallowed/lanes/issue80-swallowed-defect-3/attempt-1/execution-record.json",
  "attempt_id": "19bd22a2-cf93-4d45-bc09-5c977de46746",
  "runner_exit_code": 1
}
FINISH issue80-swallowed-defect-3 2026-07-21T07:03:38-04:00
START issue80-search-baseline-1 2026-07-21T07:03:38-04:00 apk=/Users/peter/hosts/wikipedia/aiverify-builds/issue80/baseline-app-dev-debug.apk
Night mode: no
{
  "lane_id": "issue80-search-baseline-1",
  "attempt_number": 1,
  "directory": "/Users/peter/projects/ai_verification-issue-80/docs/runs/2026-07-21-issue-80-m3-fresh/search/lanes/issue80-search-baseline-1/attempt-1",
  "verdict": "/Users/peter/projects/ai_verification-issue-80/docs/runs/2026-07-21-issue-80-m3-fresh/search/lanes/issue80-search-baseline-1/attempt-1/verdict.json",
  "execution_record": "/Users/peter/projects/ai_verification-issue-80/docs/runs/2026-07-21-issue-80-m3-fresh/search/lanes/issue80-search-baseline-1/attempt-1/execution-record.json",
  "attempt_id": "6c39b81a-e7e7-4446-aa87-37e0922e9d6d",
  "runner_exit_code": 0
}
FINISH issue80-search-baseline-1 2026-07-21T07:05:11-04:00
START issue80-search-baseline-2 2026-07-21T07:05:11-04:00 apk=/Users/peter/hosts/wikipedia/aiverify-builds/issue80/baseline-app-dev-debug.apk
Night mode: no
{
  "lane_id": "issue80-search-baseline-2",
  "attempt_number": 1,
  "directory": "/Users/peter/projects/ai_verification-issue-80/docs/runs/2026-07-21-issue-80-m3-fresh/search/lanes/issue80-search-baseline-2/attempt-1",
  "verdict": "/Users/peter/projects/ai_verification-issue-80/docs/runs/2026-07-21-issue-80-m3-fresh/search/lanes/issue80-search-baseline-2/attempt-1/verdict.json",
  "execution_record": "/Users/peter/projects/ai_verification-issue-80/docs/runs/2026-07-21-issue-80-m3-fresh/search/lanes/issue80-search-baseline-2/attempt-1/execution-record.json",
  "attempt_id": "9b36629a-a314-4dad-846c-82c9fdbb16f0",
  "runner_exit_code": 0
}
FINISH issue80-search-baseline-2 2026-07-21T07:06:41-04:00
START issue80-search-baseline-3 2026-07-21T07:06:41-04:00 apk=/Users/peter/hosts/wikipedia/aiverify-builds/issue80/baseline-app-dev-debug.apk
Night mode: no
{
  "lane_id": "issue80-search-baseline-3",
  "attempt_number": 1,
  "directory": "/Users/peter/projects/ai_verification-issue-80/docs/runs/2026-07-21-issue-80-m3-fresh/search/lanes/issue80-search-baseline-3/attempt-1",
  "verdict": "/Users/peter/projects/ai_verification-issue-80/docs/runs/2026-07-21-issue-80-m3-fresh/search/lanes/issue80-search-baseline-3/attempt-1/verdict.json",
  "execution_record": "/Users/peter/projects/ai_verification-issue-80/docs/runs/2026-07-21-issue-80-m3-fresh/search/lanes/issue80-search-baseline-3/attempt-1/execution-record.json",
  "attempt_id": "2bcf4f62-df80-49c5-9479-ba2ee6e6a486",
  "runner_exit_code": 0
}
FINISH issue80-search-baseline-3 2026-07-21T07:08:13-04:00
START issue80-search-defect-1 2026-07-21T07:08:13-04:00 apk=/Users/peter/hosts/wikipedia/aiverify-builds/issue80/search-defect-app-dev-debug.apk
Night mode: no
{
  "lane_id": "issue80-search-defect-1",
  "attempt_number": 1,
  "directory": "/Users/peter/projects/ai_verification-issue-80/docs/runs/2026-07-21-issue-80-m3-fresh/search/lanes/issue80-search-defect-1/attempt-1",
  "verdict": "/Users/peter/projects/ai_verification-issue-80/docs/runs/2026-07-21-issue-80-m3-fresh/search/lanes/issue80-search-defect-1/attempt-1/verdict.json",
  "execution_record": "/Users/peter/projects/ai_verification-issue-80/docs/runs/2026-07-21-issue-80-m3-fresh/search/lanes/issue80-search-defect-1/attempt-1/execution-record.json",
  "attempt_id": "0a8aa5bd-20de-4194-a7d5-54ecc9e56506",
  "runner_exit_code": 1
}
FINISH issue80-search-defect-1 2026-07-21T07:09:16-04:00
START issue80-search-defect-2 2026-07-21T07:09:16-04:00 apk=/Users/peter/hosts/wikipedia/aiverify-builds/issue80/search-defect-app-dev-debug.apk
Night mode: no
{
  "lane_id": "issue80-search-defect-2",
  "attempt_number": 1,
  "directory": "/Users/peter/projects/ai_verification-issue-80/docs/runs/2026-07-21-issue-80-m3-fresh/search/lanes/issue80-search-defect-2/attempt-1",
  "verdict": "/Users/peter/projects/ai_verification-issue-80/docs/runs/2026-07-21-issue-80-m3-fresh/search/lanes/issue80-search-defect-2/attempt-1/verdict.json",
  "execution_record": "/Users/peter/projects/ai_verification-issue-80/docs/runs/2026-07-21-issue-80-m3-fresh/search/lanes/issue80-search-defect-2/attempt-1/execution-record.json",
  "attempt_id": "19a5fc70-8303-4f05-a703-384cc7563a72",
  "runner_exit_code": 1
}
FINISH issue80-search-defect-2 2026-07-21T07:10:59-04:00
START issue80-search-defect-3 2026-07-21T07:10:59-04:00 apk=/Users/peter/hosts/wikipedia/aiverify-builds/issue80/search-defect-app-dev-debug.apk
Night mode: no
{
  "lane_id": "issue80-search-defect-3",
  "attempt_number": 1,
  "directory": "/Users/peter/projects/ai_verification-issue-80/docs/runs/2026-07-21-issue-80-m3-fresh/search/lanes/issue80-search-defect-3/attempt-1",
  "verdict": "/Users/peter/projects/ai_verification-issue-80/docs/runs/2026-07-21-issue-80-m3-fresh/search/lanes/issue80-search-defect-3/attempt-1/verdict.json",
  "execution_record": "/Users/peter/projects/ai_verification-issue-80/docs/runs/2026-07-21-issue-80-m3-fresh/search/lanes/issue80-search-defect-3/attempt-1/execution-record.json",
  "attempt_id": "eb12caee-657a-406f-8377-c7fe2a981905",
  "runner_exit_code": 1
}
FINISH issue80-search-defect-3 2026-07-21T07:12:10-04:00
